
> project-1@0.0.0 build
> vite build

[36mvite v7.3.1 [32mbuilding client environment for production...[36m[39m
transforming...
[32m✓[39m 19 modules transformed.
[31m✗[39m Build failed in 1.50s
[31merror during build:
[31m[vite:esbuild] Transform failed with 1 error:
D:/project 1/src/views/AnalyticsView.jsx:841:10: ERROR: Unterminated regular expression[31m
file: [36mD:/project 1/src/views/AnalyticsView.jsx:841:10[31m
[33m
[33mUnterminated regular expression[33m
839 |          </div>
840 |        </div>
841 |      </div>
    |            ^
842 |    );
843 |  };
[31m
    at failureErrorWithLog (D:\project 1\node_modules\esbuild\lib\main.js:1467:15)
    at D:\project 1\node_modules\esbuild\lib\main.js:736:50
    at responseCallbacks.<computed> (D:\project 1\node_modules\esbuild\lib\main.js:603:9)
    at handleIncomingPacket (D:\project 1\node_modules\esbuild\lib\main.js:658:12)
    at Socket.readFromStdout (D:\project 1\node_modules\esbuild\lib\main.js:581:7)
    at Socket.emit (node:events:508:28)
    at addChunk (node:internal/streams/readable:563:12)
    at readableAddChunkPushByteMode (node:internal/streams/readable:514:3)
    at Readable.push (node:internal/streams/readable:394:5)
    at Pipe.onStreamRead (node:internal/stream_base_commons:189:23)[39m
